16:58:16 **** Incremental Build of configuration Debug for project LAB1_Exercise ****
make -j10 all 
arm-none-eabi-gcc -o "LAB1_Exercise.elf" @"objects.list"   -mcpu=cortex-m3 -T"/Users/khanh/CO3010/CO3010-LAB1-2311523/STM32Project/LAB1_Exercise/STM32F103C6UX_FLASH.ld" --specs=nosys.specs -Wl,-Map="LAB1_Exercise.map" -Wl,--gc-sections -static --specs=nano.specs -mfloat-abi=soft -mthumb -Wl,--start-group -lc -lm -Wl,--end-group
Finished building target: LAB1_Exercise.elf
 
arm-none-eabi-size  LAB1_Exercise.elf 
arm-none-eabi-objdump -h -S LAB1_Exercise.elf  > "LAB1_Exercise.list"
arm-none-eabi-objcopy  -O ihex LAB1_Exercise.elf  "LAB1_Exercise.hex"
arm-none-eabi-objcopy  -O binary LAB1_Exercise.elf  "LAB1_Exercise.bin"
   text	   data	    bss	    dec	    hex	filename
   5352	     12	   1572	   6936	   1b18	LAB1_Exercise.elf
Finished building: default.size.stdout
 
Finished building: LAB1_Exercise.bin
Finished building: LAB1_Exercise.hex
 
 
Finished building: LAB1_Exercise.list
 

16:58:17 Build Finished. 0 errors, 0 warnings. (took 385ms)

